[     185ms] [LOG] [Fast Refresh] rebuilding @ http://localhost:3000/_next/static/chunks/node_modules_next_dist_115brz8._.js:2431
[    1023ms] [LOG] [Fast Refresh] done in 939ms @ http://localhost:3000/_next/static/chunks/node_modules_next_dist_115brz8._.js:2431
[    1723ms] [INFO] %cDownload the React DevTools for a better development experience: https://react.dev/link/react-devtools font-weight:bold @ http://localhost:3000/_next/static/chunks/node_modules_next_dist_115brz8._.js:2431
[    1748ms] [LOG] [HMR] connected @ http://localhost:3000/_next/static/chunks/node_modules_next_dist_115brz8._.js:2431
[    1753ms] [WARNING] The default export of @sanity/image-url has been deprecated. Use the named export `createImageUrlBuilder` instead. @ http://localhost:3000/_next/static/chunks/node_modules_next_dist_115brz8._.js:2431
[    1898ms] [INFO] Sanity is live with automatic revalidation of published content @ http://localhost:3000/_next/static/chunks/node_modules_next_dist_115brz8._.js:2431
[    2170ms] [LOG] %c[Vercel Web Analytics]%c Debug mode is enabled by default in development. No requests will be sent to the server. color: rgb(120, 120, 120) color: inherit @ http://localhost:3000/_next/static/chunks/node_modules_next_dist_115brz8._.js:2431
[    2171ms] [LOG] %c[Vercel Web Analytics]%c Running queued event color: rgb(120, 120, 120) color: inherit pageview {route: /[lang]/blog/submit, path: /en/blog/submit} @ http://localhost:3000/_next/static/chunks/node_modules_next_dist_115brz8._.js:2431
[    2171ms] [LOG] %c[Vercel Web Analytics]%c [view] http://localhost:3000/en/blog/submit color: rgb(120, 120, 120) color: inherit {o: http://localhost:3000/en/blog/submit, sv: 0.1.3, sdkn: @vercel/analytics/next, sdkv: 2.0.1, ts: 1777453361836} /_vercel/insights/view @ http://localhost:3000/_next/static/chunks/node_modules_next_dist_115brz8._.js:2431
[  245418ms] [ERROR] WebSocket connection to 'ws://localhost:3000/_next/webpack-hmr?id=V_TcD98599A8sjak7lFBb' failed:  @ http://localhost:3000/_next/static/chunks/node_modules_next_dist_client_0fhqo1d._.js:13299
[  245421ms] [WARNING] Sanity Live is unable to connect to the Sanity API as the current origin - http://localhost:3000 - is not in the list of allowed CORS origins for this Sanity Project. Add it here: https://sanity.io/manage/project/68gnvrgl/api?cors=add&origin=http%3A%2F%2Flocalhost%3A3000 @ http://localhost:3000/_next/static/chunks/node_modules_next_dist_115brz8._.js:2431
[  245421ms] [ERROR] WebSocket is already in CLOSING or CLOSED state. @ http://localhost:3000/_next/static/chunks/node_modules_next_dist_115brz8._.js:2790
[  246424ms] [ERROR] WebSocket connection to 'ws://localhost:3000/_next/webpack-hmr?id=V_TcD98599A8sjak7lFBb' failed: Error in connection establishment: net::ERR_CONNECTION_REFUSED @ http://localhost:3000/_next/static/chunks/node_modules_next_dist_client_0fhqo1d._.js:13299
[  247427ms] [ERROR] WebSocket connection to 'ws://localhost:3000/_next/webpack-hmr?id=V_TcD98599A8sjak7lFBb' failed: Error in connection establishment: net::ERR_CONNECTION_REFUSED @ http://localhost:3000/_next/static/chunks/node_modules_next_dist_client_0fhqo1d._.js:13299
[  248429ms] [ERROR] WebSocket connection to 'ws://localhost:3000/_next/webpack-hmr?id=V_TcD98599A8sjak7lFBb' failed: Error in connection establishment: net::ERR_CONNECTION_REFUSED @ http://localhost:3000/_next/static/chunks/node_modules_next_dist_client_0fhqo1d._.js:13299
[  249431ms] [ERROR] WebSocket connection to 'ws://localhost:3000/_next/webpack-hmr?id=V_TcD98599A8sjak7lFBb' failed: Error in connection establishment: net::ERR_CONNECTION_REFUSED @ http://localhost:3000/_next/static/chunks/node_modules_next_dist_client_0fhqo1d._.js:13299
[  250433ms] [ERROR] WebSocket connection to 'ws://localhost:3000/_next/webpack-hmr?id=V_TcD98599A8sjak7lFBb' failed: Error in connection establishment: net::ERR_CONNECTION_REFUSED @ http://localhost:3000/_next/static/chunks/node_modules_next_dist_client_0fhqo1d._.js:13299
[  255437ms] [ERROR] WebSocket connection to 'ws://localhost:3000/_next/webpack-hmr?id=V_TcD98599A8sjak7lFBb' failed: Error in connection establishment: net::ERR_CONNECTION_REFUSED @ http://localhost:3000/_next/static/chunks/node_modules_next_dist_client_0fhqo1d._.js:13299
[  260449ms] [ERROR] WebSocket connection to 'ws://localhost:3000/_next/webpack-hmr?id=V_TcD98599A8sjak7lFBb' failed: Error in connection establishment: net::ERR_CONNECTION_REFUSED @ http://localhost:3000/_next/static/chunks/node_modules_next_dist_client_0fhqo1d._.js:13299
[  265461ms] [ERROR] WebSocket connection to 'ws://localhost:3000/_next/webpack-hmr?id=V_TcD98599A8sjak7lFBb' failed: Error in connection establishment: net::ERR_CONNECTION_REFUSED @ http://localhost:3000/_next/static/chunks/node_modules_next_dist_client_0fhqo1d._.js:13299
[  270489ms] [ERROR] WebSocket connection to 'ws://localhost:3000/_next/webpack-hmr?id=V_TcD98599A8sjak7lFBb' failed: Error in connection establishment: net::ERR_CONNECTION_REFUSED @ http://localhost:3000/_next/static/chunks/node_modules_next_dist_client_0fhqo1d._.js:13299
[  275516ms] [ERROR] WebSocket connection to 'ws://localhost:3000/_next/webpack-hmr?id=V_TcD98599A8sjak7lFBb' failed: Error in connection establishment: net::ERR_CONNECTION_REFUSED @ http://localhost:3000/_next/static/chunks/node_modules_next_dist_client_0fhqo1d._.js:13299
[  280603ms] [ERROR] WebSocket connection to 'ws://localhost:3000/_next/webpack-hmr?id=V_TcD98599A8sjak7lFBb' failed: Error in connection establishment: net::ERR_CONNECTION_REFUSED @ http://localhost:3000/_next/static/chunks/node_modules_next_dist_client_0fhqo1d._.js:13299
[  285794ms] [ERROR] WebSocket connection to 'ws://localhost:3000/_next/webpack-hmr?id=V_TcD98599A8sjak7lFBb' failed: Error in connection establishment: net::ERR_CONNECTION_REFUSED @ http://localhost:3000/_next/static/chunks/node_modules_next_dist_client_0fhqo1d._.js:13299
