[     494ms] [INFO] %cDownload the React DevTools for a better development experience: https://react.dev/link/react-devtools font-weight:bold @ http://localhost:3000/_next/static/chunks/node_modules_next_dist_115brz8._.js:2431
[     636ms] [LOG] [HMR] connected @ http://localhost:3000/_next/static/chunks/node_modules_next_dist_115brz8._.js:2431
[     687ms] [WARNING] The default export of @sanity/image-url has been deprecated. Use the named export `createImageUrlBuilder` instead. @ http://localhost:3000/_next/static/chunks/node_modules_next_dist_115brz8._.js:2431
[     811ms] [LOG] %c[Vercel Web Analytics]%c Debug mode is enabled by default in development. No requests will be sent to the server. color: rgb(120, 120, 120) color: inherit @ http://localhost:3000/_next/static/chunks/node_modules_next_dist_115brz8._.js:2431
[     811ms] [LOG] %c[Vercel Web Analytics]%c Running queued event color: rgb(120, 120, 120) color: inherit pageview {route: /[lang]/contact, path: /nl/contact} @ http://localhost:3000/_next/static/chunks/node_modules_next_dist_115brz8._.js:2431
[     812ms] [LOG] %c[Vercel Web Analytics]%c [view] http://localhost:3000/nl/contact color: rgb(120, 120, 120) color: inherit {o: http://localhost:3000/nl/contact, sv: 0.1.3, sdkn: @vercel/analytics/next, sdkv: 2.0.1, ts: 1780915603372} /_vercel/insights/view @ http://localhost:3000/_next/static/chunks/node_modules_next_dist_115brz8._.js:2431
[     842ms] [INFO] Sanity is live with automatic revalidation of published content @ http://localhost:3000/_next/static/chunks/node_modules_next_dist_115brz8._.js:2431
[  184800ms] [LOG] [Fast Refresh] rebuilding @ http://localhost:3000/_next/static/chunks/node_modules_next_dist_115brz8._.js:2431
[  184893ms] [LOG] [Fast Refresh] done in 194ms @ http://localhost:3000/_next/static/chunks/node_modules_next_dist_115brz8._.js:2431
[  234148ms] [LOG] [Fast Refresh] rebuilding @ http://localhost:3000/_next/static/chunks/node_modules_next_dist_115brz8._.js:2431
[  234439ms] [LOG] [Fast Refresh] done in 108ms @ http://localhost:3000/_next/static/chunks/node_modules_next_dist_115brz8._.js:2431
[  235000ms] [LOG] [Fast Refresh] rebuilding @ http://localhost:3000/_next/static/chunks/node_modules_next_dist_115brz8._.js:2431
[  235030ms] [LOG] [Fast Refresh] done in 131ms @ http://localhost:3000/_next/static/chunks/node_modules_next_dist_115brz8._.js:2431
[  235789ms] [LOG] [Fast Refresh] rebuilding @ http://localhost:3000/_next/static/chunks/node_modules_next_dist_115brz8._.js:2431
[  235806ms] [LOG] [Fast Refresh] done in 119ms @ http://localhost:3000/_next/static/chunks/node_modules_next_dist_115brz8._.js:2431
[  236037ms] [LOG] [Fast Refresh] rebuilding @ http://localhost:3000/_next/static/chunks/node_modules_next_dist_115brz8._.js:2431
[  236048ms] [LOG] [Fast Refresh] done in 112ms @ http://localhost:3000/_next/static/chunks/node_modules_next_dist_115brz8._.js:2431
[  384889ms] [ERROR] WebSocket connection to 'ws://localhost:3000/_next/webpack-hmr?id=h1dYMXqhNady2FdQkVp4G' failed: Error in connection establishment: net::ERR_CONNECTION_REFUSED @ http://localhost:3000/_next/static/chunks/node_modules_next_dist_client_0fhqo1d._.js:13299
[  385891ms] [ERROR] WebSocket connection to 'ws://localhost:3000/_next/webpack-hmr?id=h1dYMXqhNady2FdQkVp4G' failed: Error in connection establishment: net::ERR_CONNECTION_REFUSED @ http://localhost:3000/_next/static/chunks/node_modules_next_dist_client_0fhqo1d._.js:13299
[  386894ms] [ERROR] WebSocket connection to 'ws://localhost:3000/_next/webpack-hmr?id=h1dYMXqhNady2FdQkVp4G' failed: Error in connection establishment: net::ERR_CONNECTION_REFUSED @ http://localhost:3000/_next/static/chunks/node_modules_next_dist_client_0fhqo1d._.js:13299
[  387897ms] [ERROR] WebSocket connection to 'ws://localhost:3000/_next/webpack-hmr?id=h1dYMXqhNady2FdQkVp4G' failed: Error in connection establishment: net::ERR_CONNECTION_REFUSED @ http://localhost:3000/_next/static/chunks/node_modules_next_dist_client_0fhqo1d._.js:13299
[  388901ms] [ERROR] WebSocket connection to 'ws://localhost:3000/_next/webpack-hmr?id=h1dYMXqhNady2FdQkVp4G' failed: Error in connection establishment: net::ERR_CONNECTION_REFUSED @ http://localhost:3000/_next/static/chunks/node_modules_next_dist_client_0fhqo1d._.js:13299
[  393905ms] [ERROR] WebSocket connection to 'ws://localhost:3000/_next/webpack-hmr?id=h1dYMXqhNady2FdQkVp4G' failed: Error in connection establishment: net::ERR_CONNECTION_REFUSED @ http://localhost:3000/_next/static/chunks/node_modules_next_dist_client_0fhqo1d._.js:13299
[  398911ms] [ERROR] WebSocket connection to 'ws://localhost:3000/_next/webpack-hmr?id=h1dYMXqhNady2FdQkVp4G' failed: Error in connection establishment: net::ERR_CONNECTION_REFUSED @ http://localhost:3000/_next/static/chunks/node_modules_next_dist_client_0fhqo1d._.js:13299
[  403924ms] [ERROR] WebSocket connection to 'ws://localhost:3000/_next/webpack-hmr?id=h1dYMXqhNady2FdQkVp4G' failed: Error in connection establishment: net::ERR_CONNECTION_REFUSED @ http://localhost:3000/_next/static/chunks/node_modules_next_dist_client_0fhqo1d._.js:13299
[  408933ms] [ERROR] WebSocket connection to 'ws://localhost:3000/_next/webpack-hmr?id=h1dYMXqhNady2FdQkVp4G' failed: Error in connection establishment: net::ERR_CONNECTION_REFUSED @ http://localhost:3000/_next/static/chunks/node_modules_next_dist_client_0fhqo1d._.js:13299
[  413967ms] [ERROR] WebSocket connection to 'ws://localhost:3000/_next/webpack-hmr?id=h1dYMXqhNady2FdQkVp4G' failed: Error in connection establishment: net::ERR_CONNECTION_REFUSED @ http://localhost:3000/_next/static/chunks/node_modules_next_dist_client_0fhqo1d._.js:13299
[  419085ms] [ERROR] WebSocket connection to 'ws://localhost:3000/_next/webpack-hmr?id=h1dYMXqhNady2FdQkVp4G' failed: Error in connection establishment: net::ERR_CONNECTION_REFUSED @ http://localhost:3000/_next/static/chunks/node_modules_next_dist_client_0fhqo1d._.js:13299
[  424319ms] [ERROR] WebSocket connection to 'ws://localhost:3000/_next/webpack-hmr?id=h1dYMXqhNady2FdQkVp4G' failed: Error in connection establishment: net::ERR_CONNECTION_REFUSED @ http://localhost:3000/_next/static/chunks/node_modules_next_dist_client_0fhqo1d._.js:13299
